
> nexgen-affilates@1.0.0 build
> next build

   Γû▓ Next.js 14.1.0
   - Environments: .env.local

   Creating an optimized production build ...
npm.cmd : Failed to compile.
At line:1 char:49
+ ... Affilates"; & "C:\Program Files\nodejs\npm.cmd" run build > build-out ...
+                 ~~~~~~~~~~~~~~~~~~~~~~~~~~~~~~~~~~~~~~~~~~~~~~~~~~~~~~~~~
    + CategoryInfo          : NotSpecified: (Failed to compile.:String) [], Re 
   moteException
    + FullyQualifiedErrorId : NativeCommandError
 

./lib/auth.ts
Dynamic Code Evaluation (e. g. 'eval', 'new Function', 'WebAssembly.compile') 
not allowed in Edge Runtime 
Learn More: https://nextjs.org/docs/messages/edge-dynamic-code-evaluation

Import trace for requested module:
./lib/auth.ts


> Build failed because of webpack errors
